<dataset>
    <natural_id_string_jpa_entity id="naturalid" name="naturalidstringjpaentity"/>
</dataset>