<dataset>
    <person id="1" first_name="mike" last_name="katkov"/>
</dataset>